// Jest Snapshot v1, https://goo.gl/fbAQLP

exports[`App renders correctly 1`] = `
<Provider
  store={
    Object {
      "dispatch": [Function],
      "getState": [Function],
      "replaceReducer": [Function],
      "subscribe": [Function],
      Symbol(observable): [Function],
    }
  }
>
  <NavBar />
  <ToastContainer
    autoClose={5000}
    closeButton={[Function]}
    closeOnClick={true}
    draggable={true}
    draggableDirection="x"
    draggablePercent={80}
    hideProgressBar={false}
    newestOnTop={false}
    pauseOnFocusLoss={true}
    pauseOnHover={true}
    position="top-right"
    role="alert"
    rtl={false}
    transition={[Function]}
  />
  <div
    style={
      Object {
        "margin": "auto",
        "width": "90%",
      }
    }
  >
    <Switch>
      <Route
        component={[Function]}
        exact={true}
        path="/"
      />
      <Route
        component={[Function]}
        exact={true}
        path="/signin"
      />
      <Route
        component={[Function]}
        exact={true}
        path="/signup"
      />
      <PrivateRoute
        component={[Function]}
        exact={true}
        path="/add-issue"
      />
      <PrivateRoute
        component={[Function]}
        exact={true}
        path="/issue/:id"
      />
      <PrivateRoute
        component={[Function]}
        exact={true}
        path="/update-issue/:id"
      />
      <PrivateRoute
        component={[Function]}
        exact={true}
        path="/charts/issue"
      />
    </Switch>
  </div>
</Provider>
`;
